new MaxClients;
new String:NULL_STRING[4];
new Float:NULL_VECTOR[3];
new HamHook:HamHookSpawn;
new g_statevar_0; // Internal state variable for default automation


public __fatal_ham_error(Ham:id, HamError:err, reason[])
{
	new func = get_func_id("HamFilter", -1);
	new bool:fail = 1;
	new var1;
	if (func != -1 && callfunc_begin_i(func, -1) == 1)
	{
		callfunc_push_int(id);
		callfunc_push_int(err);
		callfunc_push_str(reason, 0);
		if (callfunc_end() == 1)
		{
			fail = false;
		}
	}
	if (fail)
	{
		set_fail_state(reason);
	}
	return 0;
}

public plugin_init()
{
	register_plugin("Automaton", "1.0", "Albernaz o Carniceiro Demoniaco");
	state unregistered;
	return 0;
}

public playerSpawn(id)
{
	return 0;
}

disableHam() <>
{
	return 0;
}

disableHam() <enabled>
{
	if (!DisableHamForward(HamHookSpawn))
	{
		state disabled;
	}
	return 0;
}

enableHam() <>
{
	return 0;
}

enableHam() <unregistered>
{
	if ((HamHookSpawn = RegisterHam(0, "player", "playerSpawn", 0, 0)))
	{
		state enabled;
	}
	return 0;
}

enableHam() <disabled>
{
	if (EnableHamForward(HamHookSpawn))
	{
		state enabled;
	}
	return 0;
}

